Component: ARM Compiler 5.06 update 6 (build 750) Tool: armlink [4d35ed]

==============================================================================

Section Cross References

    system_stm32f4xx.o(i.SystemCoreClockUpdate) refers to system_stm32f4xx.o(.data) for .data
    system_stm32f4xx.o(i.SystemInit) refers to system_stm32f4xx.o(i.SetSysClock) for SetSysClock
    stm32f4xx_it.o(i.SysTick_Handler) refers to main.o(i.TimingDelay_Decrement) for TimingDelay_Decrement
    main.o(i.Delay) refers to main.o(.data) for .data
    main.o(i.HSE_config) refers to stm32f4xx_rcc.o(i.RCC_DeInit) for RCC_DeInit
    main.o(i.HSE_config) refers to stm32f4xx_rcc.o(i.RCC_HSEConfig) for RCC_HSEConfig
    main.o(i.HSE_config) refers to stm32f4xx_rcc.o(i.RCC_WaitForHSEStartUp) for RCC_WaitForHSEStartUp
    main.o(i.HSE_config) refers to stm32f4xx_pwr.o(i.PWR_MainRegulatorModeConfig) for PWR_MainRegulatorModeConfig
    main.o(i.HSE_config) refers to stm32f4xx_rcc.o(i.RCC_HCLKConfig) for RCC_HCLKConfig
    main.o(i.HSE_config) refers to stm32f4xx_rcc.o(i.RCC_PCLK1Config) for RCC_PCLK1Config
    main.o(i.HSE_config) refers to stm32f4xx_rcc.o(i.RCC_PCLK2Config) for RCC_PCLK2Config
    main.o(i.HSE_config) refers to stm32f4xx_rcc.o(i.RCC_PLLConfig) for RCC_PLLConfig
    main.o(i.HSE_config) refers to stm32f4xx_rcc.o(i.RCC_PLLCmd) for RCC_PLLCmd
    main.o(i.HSE_config) refers to stm32f4xx_rcc.o(i.RCC_GetFlagStatus) for RCC_GetFlagStatus
    main.o(i.HSE_config) refers to stm32f4xx_flash.o(i.FLASH_PrefetchBufferCmd) for FLASH_PrefetchBufferCmd
    main.o(i.HSE_config) refers to stm32f4xx_flash.o(i.FLASH_SetLatency) for FLASH_SetLatency
    main.o(i.HSE_config) refers to stm32f4xx_rcc.o(i.RCC_SYSCLKConfig) for RCC_SYSCLKConfig
    main.o(i.HSE_config) refers to stm32f4xx_rcc.o(i.RCC_GetSYSCLKSource) for RCC_GetSYSCLKSource
    main.o(i.My_GPIO_Init) refers to stm32f4xx_rcc.o(i.RCC_AHB1PeriphClockCmd) for RCC_AHB1PeriphClockCmd
    main.o(i.My_GPIO_Init) refers to stm32f4xx_gpio.o(i.GPIO_Init) for GPIO_Init
    main.o(i.My_SAI_Init) refers to stm32f4xx_rcc.o(i.RCC_AHB2PeriphClockCmd) for RCC_AHB2PeriphClockCmd
    main.o(i.My_SAI_Init) refers to stm32f4xx_sai.o(i.SAI_Init) for SAI_Init
    main.o(i.TimingDelay_Decrement) refers to main.o(.data) for .data
    main.o(i.main) refers to main.o(i.HSE_config) for HSE_config
    main.o(i.main) refers to system_stm32f4xx.o(i.SystemCoreClockUpdate) for SystemCoreClockUpdate
    main.o(i.main) refers to stm32f4xx_rcc.o(i.RCC_GetClocksFreq) for RCC_GetClocksFreq
    main.o(i.main) refers to stm32f4xx_rcc.o(i.RCC_GetSYSCLKSource) for RCC_GetSYSCLKSource
    main.o(i.main) refers to main.o(i.My_GPIO_Init) for My_GPIO_Init
    main.o(i.main) refers to main.o(i.My_SAI_Init) for My_SAI_Init
    main.o(i.main) refers to stm32f4xx_gpio.o(i.GPIO_SetBits) for GPIO_SetBits
    main.o(i.main) refers to main.o(i.Delay) for Delay
    main.o(i.main) refers to stm32f4xx_gpio.o(i.GPIO_ResetBits) for GPIO_ResetBits
    main.o(i.main) refers to main.o(.bss) for .bss
    main.o(i.main) refers to main.o(.data) for .data
    stm32f4xx_dma2d.o(i.DMA2D_DeInit) refers to stm32f4xx_rcc.o(i.RCC_AHB1PeriphResetCmd) for RCC_AHB1PeriphResetCmd
    stm32f4xx_gpio.o(i.GPIO_DeInit) refers to stm32f4xx_rcc.o(i.RCC_AHB1PeriphResetCmd) for RCC_AHB1PeriphResetCmd
    stm32f4xx_rcc.o(i.RCC_GetClocksFreq) refers to stm32f4xx_rcc.o(.data) for .data
    stm32f4xx_rcc.o(i.RCC_WaitForHSEStartUp) refers to stm32f4xx_rcc.o(i.RCC_GetFlagStatus) for RCC_GetFlagStatus
    stm32f4xx_sai.o(i.SAI_DeInit) refers to stm32f4xx_rcc.o(i.RCC_APB2PeriphResetCmd) for RCC_APB2PeriphResetCmd
    stm32f4xx_sdio.o(i.SDIO_DeInit) refers to stm32f4xx_rcc.o(i.RCC_APB2PeriphResetCmd) for RCC_APB2PeriphResetCmd
    stm32f4xx_syscfg.o(i.SYSCFG_DeInit) refers to stm32f4xx_rcc.o(i.RCC_APB2PeriphResetCmd) for RCC_APB2PeriphResetCmd
    stm32f4xx_tim.o(i.TIM_DeInit) refers to stm32f4xx_rcc.o(i.RCC_APB2PeriphResetCmd) for RCC_APB2PeriphResetCmd
    stm32f4xx_tim.o(i.TIM_DeInit) refers to stm32f4xx_rcc.o(i.RCC_APB1PeriphResetCmd) for RCC_APB1PeriphResetCmd
    stm32f4xx_tim.o(i.TIM_ETRClockMode1Config) refers to stm32f4xx_tim.o(i.TIM_ETRConfig) for TIM_ETRConfig
    stm32f4xx_tim.o(i.TIM_ETRClockMode2Config) refers to stm32f4xx_tim.o(i.TIM_ETRConfig) for TIM_ETRConfig
    stm32f4xx_tim.o(i.TIM_ICInit) refers to stm32f4xx_tim.o(i.TIM_SetIC4Prescaler) for TIM_SetIC4Prescaler
    stm32f4xx_tim.o(i.TIM_ICInit) refers to stm32f4xx_tim.o(i.TI1_Config) for TI1_Config
    stm32f4xx_tim.o(i.TIM_ICInit) refers to stm32f4xx_tim.o(i.TIM_SetIC1Prescaler) for TIM_SetIC1Prescaler
    stm32f4xx_tim.o(i.TIM_ICInit) refers to stm32f4xx_tim.o(i.TI2_Config) for TI2_Config
    stm32f4xx_tim.o(i.TIM_ICInit) refers to stm32f4xx_tim.o(i.TIM_SetIC2Prescaler) for TIM_SetIC2Prescaler
    stm32f4xx_tim.o(i.TIM_ICInit) refers to stm32f4xx_tim.o(i.TIM_SetIC3Prescaler) for TIM_SetIC3Prescaler
    stm32f4xx_tim.o(i.TIM_ITRxExternalClockConfig) refers to stm32f4xx_tim.o(i.TIM_SelectInputTrigger) for TIM_SelectInputTrigger
    stm32f4xx_tim.o(i.TIM_PWMIConfig) refers to stm32f4xx_tim.o(i.TI2_Config) for TI2_Config
    stm32f4xx_tim.o(i.TIM_PWMIConfig) refers to stm32f4xx_tim.o(i.TIM_SetIC2Prescaler) for TIM_SetIC2Prescaler
    stm32f4xx_tim.o(i.TIM_PWMIConfig) refers to stm32f4xx_tim.o(i.TI1_Config) for TI1_Config
    stm32f4xx_tim.o(i.TIM_PWMIConfig) refers to stm32f4xx_tim.o(i.TIM_SetIC1Prescaler) for TIM_SetIC1Prescaler
    stm32f4xx_tim.o(i.TIM_TIxExternalClockConfig) refers to stm32f4xx_tim.o(i.TI1_Config) for TI1_Config
    stm32f4xx_tim.o(i.TIM_TIxExternalClockConfig) refers to stm32f4xx_tim.o(i.TIM_SelectInputTrigger) for TIM_SelectInputTrigger
    stm32f4xx_tim.o(i.TIM_TIxExternalClockConfig) refers to stm32f4xx_tim.o(i.TI2_Config) for TI2_Config
    stm32f4xx_flash.o(i.FLASH_EraseAllBank1Sectors) refers to stm32f4xx_flash.o(i.FLASH_WaitForLastOperation) for FLASH_WaitForLastOperation
    stm32f4xx_flash.o(i.FLASH_EraseAllBank2Sectors) refers to stm32f4xx_flash.o(i.FLASH_WaitForLastOperation) for FLASH_WaitForLastOperation
    stm32f4xx_flash.o(i.FLASH_EraseAllSectors) refers to stm32f4xx_flash.o(i.FLASH_WaitForLastOperation) for FLASH_WaitForLastOperation
    stm32f4xx_flash.o(i.FLASH_EraseSector) refers to stm32f4xx_flash.o(i.FLASH_WaitForLastOperation) for FLASH_WaitForLastOperation
    stm32f4xx_flash.o(i.FLASH_OB_Launch) refers to stm32f4xx_flash.o(i.FLASH_WaitForLastOperation) for FLASH_WaitForLastOperation
    stm32f4xx_flash.o(i.FLASH_OB_PCROP1Config) refers to stm32f4xx_flash.o(i.FLASH_WaitForLastOperation) for FLASH_WaitForLastOperation
    stm32f4xx_flash.o(i.FLASH_OB_PCROPConfig) refers to stm32f4xx_flash.o(i.FLASH_WaitForLastOperation) for FLASH_WaitForLastOperation
    stm32f4xx_flash.o(i.FLASH_OB_RDPConfig) refers to stm32f4xx_flash.o(i.FLASH_WaitForLastOperation) for FLASH_WaitForLastOperation
    stm32f4xx_flash.o(i.FLASH_OB_UserConfig) refers to stm32f4xx_flash.o(i.FLASH_WaitForLastOperation) for FLASH_WaitForLastOperation
    stm32f4xx_flash.o(i.FLASH_OB_WRP1Config) refers to stm32f4xx_flash.o(i.FLASH_WaitForLastOperation) for FLASH_WaitForLastOperation
    stm32f4xx_flash.o(i.FLASH_OB_WRPConfig) refers to stm32f4xx_flash.o(i.FLASH_WaitForLastOperation) for FLASH_WaitForLastOperation
    stm32f4xx_flash.o(i.FLASH_ProgramByte) refers to stm32f4xx_flash.o(i.FLASH_WaitForLastOperation) for FLASH_WaitForLastOperation
    stm32f4xx_flash.o(i.FLASH_ProgramDoubleWord) refers to stm32f4xx_flash.o(i.FLASH_WaitForLastOperation) for FLASH_WaitForLastOperation
    stm32f4xx_flash.o(i.FLASH_ProgramHalfWord) refers to stm32f4xx_flash.o(i.FLASH_WaitForLastOperation) for FLASH_WaitForLastOperation
    stm32f4xx_flash.o(i.FLASH_ProgramWord) refers to stm32f4xx_flash.o(i.FLASH_WaitForLastOperation) for FLASH_WaitForLastOperation
    stm32f4xx_flash.o(i.FLASH_WaitForLastOperation) refers to stm32f4xx_flash.o(i.FLASH_GetStatus) for FLASH_GetStatus
    stm32f4xx_pwr.o(i.PWR_DeInit) refers to stm32f4xx_rcc.o(i.RCC_APB1PeriphResetCmd) for RCC_APB1PeriphResetCmd
    startup_stm32f40_41xxx.o(RESET) refers to startup_stm32f40_41xxx.o(STACK) for __initial_sp
    startup_stm32f40_41xxx.o(RESET) refers to startup_stm32f40_41xxx.o(.text) for Reset_Handler
    startup_stm32f40_41xxx.o(RESET) refers to stm32f4xx_it.o(i.NMI_Handler) for NMI_Handler
    startup_stm32f40_41xxx.o(RESET) refers to stm32f4xx_it.o(i.HardFault_Handler) for HardFault_Handler
    startup_stm32f40_41xxx.o(RESET) refers to stm32f4xx_it.o(i.MemManage_Handler) for MemManage_Handler
    startup_stm32f40_41xxx.o(RESET) refers to stm32f4xx_it.o(i.BusFault_Handler) for BusFault_Handler
    startup_stm32f40_41xxx.o(RESET) refers to stm32f4xx_it.o(i.UsageFault_Handler) for UsageFault_Handler
    startup_stm32f40_41xxx.o(RESET) refers to stm32f4xx_it.o(i.SVC_Handler) for SVC_Handler
    startup_stm32f40_41xxx.o(RESET) refers to stm32f4xx_it.o(i.DebugMon_Handler) for DebugMon_Handler
    startup_stm32f40_41xxx.o(RESET) refers to stm32f4xx_it.o(i.PendSV_Handler) for PendSV_Handler
    startup_stm32f40_41xxx.o(RESET) refers to stm32f4xx_it.o(i.SysTick_Handler) for SysTick_Handler
    startup_stm32f40_41xxx.o(.text) refers to system_stm32f4xx.o(i.SystemInit) for SystemInit
    startup_stm32f40_41xxx.o(.text) refers to entry.o(.ARM.Collect$$$$00000000) for __main
    entry.o(.ARM.Collect$$$$00000000) refers (Special) to entry10a.o(.ARM.Collect$$$$0000000D) for __rt_final_cpp
    entry.o(.ARM.Collect$$$$00000000) refers (Special) to entry11a.o(.ARM.Collect$$$$0000000F) for __rt_final_exit
    entry.o(.ARM.Collect$$$$00000000) refers (Special) to entry7b.o(.ARM.Collect$$$$00000008) for _main_clock
    entry.o(.ARM.Collect$$$$00000000) refers (Special) to entry8b.o(.ARM.Collect$$$$0000000A) for _main_cpp_init
    entry.o(.ARM.Collect$$$$00000000) refers (Special) to entry9a.o(.ARM.Collect$$$$0000000B) for _main_init
    entry.o(.ARM.Collect$$$$00000000) refers (Special) to entry5.o(.ARM.Collect$$$$00000004) for _main_scatterload
    entry.o(.ARM.Collect$$$$00000000) refers (Special) to entry2.o(.ARM.Collect$$$$00000001) for _main_stk
    entry2.o(.ARM.Collect$$$$00000001) refers to entry2.o(.ARM.Collect$$$$00002712) for __lit__00000000
    entry2.o(.ARM.Collect$$$$00002712) refers to startup_stm32f40_41xxx.o(STACK) for __initial_sp
    entry2.o(__vectab_stack_and_reset_area) refers to startup_stm32f40_41xxx.o(STACK) for __initial_sp
    entry2.o(__vectab_stack_and_reset_area) refers to entry.o(.ARM.Collect$$$$00000000) for __main
    entry5.o(.ARM.Collect$$$$00000004) refers to init.o(.text) for __scatterload
    entry9a.o(.ARM.Collect$$$$0000000B) refers to main.o(i.main) for main
    entry9b.o(.ARM.Collect$$$$0000000C) refers to main.o(i.main) for main
    init.o(.text) refers to entry5.o(.ARM.Collect$$$$00000004) for __main_after_scatterload


==============================================================================

Removing Unused input sections from the image.

    Removing system_stm32f4xx.o(.rev16_text), (4 bytes).
    Removing system_stm32f4xx.o(.revsh_text), (4 bytes).
    Removing system_stm32f4xx.o(.rrx_text), (6 bytes).
    Removing stm32f4xx_it.o(.rev16_text), (4 bytes).
    Removing stm32f4xx_it.o(.revsh_text), (4 bytes).
    Removing stm32f4xx_it.o(.rrx_text), (6 bytes).
    Removing main.o(.rev16_text), (4 bytes).
    Removing main.o(.revsh_text), (4 bytes).
    Removing main.o(.rrx_text), (6 bytes).
    Removing misc.o(.rev16_text), (4 bytes).
    Removing misc.o(.revsh_text), (4 bytes).
    Removing misc.o(.rrx_text), (6 bytes).
    Removing misc.o(i.NVIC_Init), (100 bytes).
    Removing misc.o(i.NVIC_PriorityGroupConfig), (20 bytes).
    Removing misc.o(i.NVIC_SetVectorTable), (20 bytes).
    Removing misc.o(i.NVIC_SystemLPConfig), (24 bytes).
    Removing misc.o(i.SysTick_CLKSourceConfig), (24 bytes).
    Removing stm32f4xx_crc.o(.rev16_text), (4 bytes).
    Removing stm32f4xx_crc.o(.revsh_text), (4 bytes).
    Removing stm32f4xx_crc.o(.rrx_text), (6 bytes).
    Removing stm32f4xx_crc.o(i.CRC_CalcBlockCRC), (28 bytes).
    Removing stm32f4xx_crc.o(i.CRC_CalcCRC), (12 bytes).
    Removing stm32f4xx_crc.o(i.CRC_GetCRC), (12 bytes).
    Removing stm32f4xx_crc.o(i.CRC_GetIDRegister), (12 bytes).
    Removing stm32f4xx_crc.o(i.CRC_ResetDR), (12 bytes).
    Removing stm32f4xx_crc.o(i.CRC_SetIDRegister), (12 bytes).
    Removing stm32f4xx_dma.o(.rev16_text), (4 bytes).
    Removing stm32f4xx_dma.o(.revsh_text), (4 bytes).
    Removing stm32f4xx_dma.o(.rrx_text), (6 bytes).
    Removing stm32f4xx_dma.o(i.DMA_ClearFlag), (44 bytes).
    Removing stm32f4xx_dma.o(i.DMA_ClearITPendingBit), (44 bytes).
    Removing stm32f4xx_dma.o(i.DMA_Cmd), (20 bytes).
    Removing stm32f4xx_dma.o(i.DMA_DeInit), (292 bytes).
    Removing stm32f4xx_dma.o(i.DMA_DoubleBufferModeCmd), (20 bytes).
    Removing stm32f4xx_dma.o(i.DMA_DoubleBufferModeConfig), (22 bytes).
    Removing stm32f4xx_dma.o(i.DMA_FlowControllerConfig), (20 bytes).
    Removing stm32f4xx_dma.o(i.DMA_GetCmdStatus), (14 bytes).
    Removing stm32f4xx_dma.o(i.DMA_GetCurrDataCounter), (6 bytes).
    Removing stm32f4xx_dma.o(i.DMA_GetCurrentMemoryTarget), (14 bytes).
    Removing stm32f4xx_dma.o(i.DMA_GetFIFOStatus), (8 bytes).
    Removing stm32f4xx_dma.o(i.DMA_GetFlagStatus), (52 bytes).
    Removing stm32f4xx_dma.o(i.DMA_GetITStatus), (84 bytes).
    Removing stm32f4xx_dma.o(i.DMA_ITConfig), (44 bytes).
    Removing stm32f4xx_dma.o(i.DMA_Init), (84 bytes).
    Removing stm32f4xx_dma.o(i.DMA_MemoryTargetConfig), (10 bytes).
    Removing stm32f4xx_dma.o(i.DMA_PeriphIncOffsetSizeConfig), (20 bytes).
    Removing stm32f4xx_dma.o(i.DMA_SetCurrDataCounter), (4 bytes).
    Removing stm32f4xx_dma.o(i.DMA_StructInit), (34 bytes).
    Removing stm32f4xx_dma2d.o(.rev16_text), (4 bytes).
    Removing stm32f4xx_dma2d.o(.revsh_text), (4 bytes).
    Removing stm32f4xx_dma2d.o(.rrx_text), (6 bytes).
    Removing stm32f4xx_dma2d.o(i.DMA2D_AbortTransfer), (16 bytes).
    Removing stm32f4xx_dma2d.o(i.DMA2D_BGConfig), (108 bytes).
    Removing stm32f4xx_dma2d.o(i.DMA2D_BGStart), (28 bytes).
    Removing stm32f4xx_dma2d.o(i.DMA2D_BG_StructInit), (26 bytes).
    Removing stm32f4xx_dma2d.o(i.DMA2D_ClearFlag), (12 bytes).
    Removing stm32f4xx_dma2d.o(i.DMA2D_ClearITPendingBit), (12 bytes).
    Removing stm32f4xx_dma2d.o(i.DMA2D_DeInit), (24 bytes).
    Removing stm32f4xx_dma2d.o(i.DMA2D_DeadTimeConfig), (44 bytes).
    Removing stm32f4xx_dma2d.o(i.DMA2D_FGConfig), (108 bytes).
    Removing stm32f4xx_dma2d.o(i.DMA2D_FGStart), (28 bytes).
    Removing stm32f4xx_dma2d.o(i.DMA2D_FG_StructInit), (26 bytes).
    Removing stm32f4xx_dma2d.o(i.DMA2D_GetFlagStatus), (20 bytes).
    Removing stm32f4xx_dma2d.o(i.DMA2D_GetITStatus), (36 bytes).
    Removing stm32f4xx_dma2d.o(i.DMA2D_ITConfig), (24 bytes).
    Removing stm32f4xx_dma2d.o(i.DMA2D_Init), (180 bytes).
    Removing stm32f4xx_dma2d.o(i.DMA2D_LineWatermarkConfig), (12 bytes).
    Removing stm32f4xx_dma2d.o(i.DMA2D_StartTransfer), (16 bytes).
    Removing stm32f4xx_dma2d.o(i.DMA2D_StructInit), (24 bytes).
    Removing stm32f4xx_dma2d.o(i.DMA2D_Suspend), (28 bytes).
    Removing stm32f4xx_exti.o(.rev16_text), (4 bytes).
    Removing stm32f4xx_exti.o(.revsh_text), (4 bytes).
    Removing stm32f4xx_exti.o(.rrx_text), (6 bytes).
    Removing stm32f4xx_exti.o(i.EXTI_ClearFlag), (12 bytes).
    Removing stm32f4xx_exti.o(i.EXTI_ClearITPendingBit), (12 bytes).
    Removing stm32f4xx_exti.o(i.EXTI_DeInit), (36 bytes).
    Removing stm32f4xx_exti.o(i.EXTI_GenerateSWInterrupt), (16 bytes).
    Removing stm32f4xx_exti.o(i.EXTI_GetFlagStatus), (20 bytes).
    Removing stm32f4xx_exti.o(i.EXTI_GetITStatus), (20 bytes).
    Removing stm32f4xx_exti.o(i.EXTI_Init), (112 bytes).
    Removing stm32f4xx_exti.o(i.EXTI_StructInit), (14 bytes).
    Removing stm32f4xx_gpio.o(.rev16_text), (4 bytes).
    Removing stm32f4xx_gpio.o(.revsh_text), (4 bytes).
    Removing stm32f4xx_gpio.o(.rrx_text), (6 bytes).
    Removing stm32f4xx_gpio.o(i.GPIO_DeInit), (260 bytes).
    Removing stm32f4xx_gpio.o(i.GPIO_PinAFConfig), (32 bytes).
    Removing stm32f4xx_gpio.o(i.GPIO_PinLockConfig), (24 bytes).
    Removing stm32f4xx_gpio.o(i.GPIO_ReadInputData), (6 bytes).
    Removing stm32f4xx_gpio.o(i.GPIO_ReadInputDataBit), (14 bytes).
    Removing stm32f4xx_gpio.o(i.GPIO_ReadOutputData), (6 bytes).
    Removing stm32f4xx_gpio.o(i.GPIO_ReadOutputDataBit), (14 bytes).
    Removing stm32f4xx_gpio.o(i.GPIO_StructInit), (18 bytes).
    Removing stm32f4xx_gpio.o(i.GPIO_ToggleBits), (8 bytes).
    Removing stm32f4xx_gpio.o(i.GPIO_Write), (4 bytes).
    Removing stm32f4xx_gpio.o(i.GPIO_WriteBit), (10 bytes).
    Removing stm32f4xx_rcc.o(.rev16_text), (4 bytes).
    Removing stm32f4xx_rcc.o(.revsh_text), (4 bytes).
    Removing stm32f4xx_rcc.o(.rrx_text), (6 bytes).
    Removing stm32f4xx_rcc.o(i.RCC_AHB1PeriphClockLPModeCmd), (24 bytes).
    Removing stm32f4xx_rcc.o(i.RCC_AHB1PeriphResetCmd), (24 bytes).
    Removing stm32f4xx_rcc.o(i.RCC_AHB2PeriphClockLPModeCmd), (24 bytes).
    Removing stm32f4xx_rcc.o(i.RCC_AHB2PeriphResetCmd), (24 bytes).
    Removing stm32f4xx_rcc.o(i.RCC_AHB3PeriphClockCmd), (24 bytes).
    Removing stm32f4xx_rcc.o(i.RCC_AHB3PeriphClockLPModeCmd), (24 bytes).
    Removing stm32f4xx_rcc.o(i.RCC_AHB3PeriphResetCmd), (24 bytes).
    Removing stm32f4xx_rcc.o(i.RCC_APB1PeriphClockCmd), (24 bytes).
    Removing stm32f4xx_rcc.o(i.RCC_APB1PeriphClockLPModeCmd), (24 bytes).
    Removing stm32f4xx_rcc.o(i.RCC_APB1PeriphResetCmd), (24 bytes).
    Removing stm32f4xx_rcc.o(i.RCC_APB2PeriphClockCmd), (24 bytes).
    Removing stm32f4xx_rcc.o(i.RCC_APB2PeriphClockLPModeCmd), (24 bytes).
    Removing stm32f4xx_rcc.o(i.RCC_APB2PeriphResetCmd), (24 bytes).
    Removing stm32f4xx_rcc.o(i.RCC_AdjustHSICalibrationValue), (20 bytes).
    Removing stm32f4xx_rcc.o(i.RCC_BackupResetCmd), (12 bytes).
    Removing stm32f4xx_rcc.o(i.RCC_ClearFlag), (16 bytes).
    Removing stm32f4xx_rcc.o(i.RCC_ClearITPendingBit), (12 bytes).
    Removing stm32f4xx_rcc.o(i.RCC_ClockSecuritySystemCmd), (12 bytes).
    Removing stm32f4xx_rcc.o(i.RCC_GetITStatus), (20 bytes).
    Removing stm32f4xx_rcc.o(i.RCC_HSICmd), (12 bytes).
    Removing stm32f4xx_rcc.o(i.RCC_I2SCLKConfig), (12 bytes).
    Removing stm32f4xx_rcc.o(i.RCC_ITConfig), (24 bytes).
    Removing stm32f4xx_rcc.o(i.RCC_LSEConfig), (28 bytes).
    Removing stm32f4xx_rcc.o(i.RCC_LSEModeConfig), (28 bytes).
    Removing stm32f4xx_rcc.o(i.RCC_LSICmd), (12 bytes).
    Removing stm32f4xx_rcc.o(i.RCC_LTDCCLKDivConfig), (20 bytes).
    Removing stm32f4xx_rcc.o(i.RCC_MCO1Config), (20 bytes).
    Removing stm32f4xx_rcc.o(i.RCC_MCO2Config), (20 bytes).
    Removing stm32f4xx_rcc.o(i.RCC_PLLI2SCmd), (12 bytes).
    Removing stm32f4xx_rcc.o(i.RCC_PLLI2SConfig), (16 bytes).
    Removing stm32f4xx_rcc.o(i.RCC_PLLSAICmd), (12 bytes).
    Removing stm32f4xx_rcc.o(i.RCC_PLLSAIConfig), (20 bytes).
    Removing stm32f4xx_rcc.o(i.RCC_RTCCLKCmd), (12 bytes).
    Removing stm32f4xx_rcc.o(i.RCC_RTCCLKConfig), (48 bytes).
    Removing stm32f4xx_rcc.o(i.RCC_SAIBlockACLKConfig), (20 bytes).
    Removing stm32f4xx_rcc.o(i.RCC_SAIBlockBCLKConfig), (20 bytes).
    Removing stm32f4xx_rcc.o(i.RCC_SAIPLLI2SClkDivConfig), (20 bytes).
    Removing stm32f4xx_rcc.o(i.RCC_SAIPLLSAIClkDivConfig), (28 bytes).
    Removing stm32f4xx_rcc.o(i.RCC_TIMCLKPresConfig), (12 bytes).
    Removing stm32f4xx_sai.o(.rev16_text), (4 bytes).
    Removing stm32f4xx_sai.o(.revsh_text), (4 bytes).
    Removing stm32f4xx_sai.o(.rrx_text), (6 bytes).
    Removing stm32f4xx_sai.o(i.SAI_ClearFlag), (8 bytes).
    Removing stm32f4xx_sai.o(i.SAI_ClearITPendingBit), (8 bytes).
    Removing stm32f4xx_sai.o(i.SAI_Cmd), (20 bytes).
    Removing stm32f4xx_sai.o(i.SAI_CompandingModeConfig), (16 bytes).
    Removing stm32f4xx_sai.o(i.SAI_DMACmd), (20 bytes).
    Removing stm32f4xx_sai.o(i.SAI_DeInit), (36 bytes).
    Removing stm32f4xx_sai.o(i.SAI_FlushFIFO), (10 bytes).
    Removing stm32f4xx_sai.o(i.SAI_FrameInit), (48 bytes).
    Removing stm32f4xx_sai.o(i.SAI_FrameStructInit), (18 bytes).
    Removing stm32f4xx_sai.o(i.SAI_GetCmdStatus), (14 bytes).
    Removing stm32f4xx_sai.o(i.SAI_GetFIFOStatus), (8 bytes).
    Removing stm32f4xx_sai.o(i.SAI_GetFlagStatus), (14 bytes).
    Removing stm32f4xx_sai.o(i.SAI_GetITStatus), (22 bytes).
    Removing stm32f4xx_sai.o(i.SAI_ITConfig), (16 bytes).
    Removing stm32f4xx_sai.o(i.SAI_MonoModeConfig), (18 bytes).
    Removing stm32f4xx_sai.o(i.SAI_MuteFrameCounterConfig), (18 bytes).
    Removing stm32f4xx_sai.o(i.SAI_MuteModeCmd), (20 bytes).
    Removing stm32f4xx_sai.o(i.SAI_MuteValueConfig), (16 bytes).
    Removing stm32f4xx_sai.o(i.SAI_ReceiveData), (4 bytes).
    Removing stm32f4xx_sai.o(i.SAI_SendData), (4 bytes).
    Removing stm32f4xx_sai.o(i.SAI_SlotInit), (38 bytes).
    Removing stm32f4xx_sai.o(i.SAI_SlotStructInit), (14 bytes).
    Removing stm32f4xx_sai.o(i.SAI_StructInit), (28 bytes).
    Removing stm32f4xx_sai.o(i.SAI_TRIStateConfig), (18 bytes).
    Removing stm32f4xx_sdio.o(.rev16_text), (4 bytes).
    Removing stm32f4xx_sdio.o(.revsh_text), (4 bytes).
    Removing stm32f4xx_sdio.o(.rrx_text), (6 bytes).
    Removing stm32f4xx_sdio.o(i.SDIO_CEATAITCmd), (16 bytes).
    Removing stm32f4xx_sdio.o(i.SDIO_ClearFlag), (12 bytes).
    Removing stm32f4xx_sdio.o(i.SDIO_ClearITPendingBit), (12 bytes).
    Removing stm32f4xx_sdio.o(i.SDIO_ClockCmd), (12 bytes).
    Removing stm32f4xx_sdio.o(i.SDIO_CmdStructInit), (14 bytes).
    Removing stm32f4xx_sdio.o(i.SDIO_CommandCompletionCmd), (12 bytes).
    Removing stm32f4xx_sdio.o(i.SDIO_DMACmd), (12 bytes).
    Removing stm32f4xx_sdio.o(i.SDIO_DataConfig), (48 bytes).
    Removing stm32f4xx_sdio.o(i.SDIO_DataStructInit), (20 bytes).
    Removing stm32f4xx_sdio.o(i.SDIO_DeInit), (24 bytes).
    Removing stm32f4xx_sdio.o(i.SDIO_GetCommandResponse), (12 bytes).
    Removing stm32f4xx_sdio.o(i.SDIO_GetDataCounter), (12 bytes).
    Removing stm32f4xx_sdio.o(i.SDIO_GetFIFOCount), (12 bytes).
    Removing stm32f4xx_sdio.o(i.SDIO_GetFlagStatus), (20 bytes).
    Removing stm32f4xx_sdio.o(i.SDIO_GetITStatus), (20 bytes).
    Removing stm32f4xx_sdio.o(i.SDIO_GetPowerState), (16 bytes).
    Removing stm32f4xx_sdio.o(i.SDIO_GetResponse), (16 bytes).
    Removing stm32f4xx_sdio.o(i.SDIO_ITConfig), (24 bytes).
    Removing stm32f4xx_sdio.o(i.SDIO_Init), (44 bytes).
    Removing stm32f4xx_sdio.o(i.SDIO_ReadData), (12 bytes).
    Removing stm32f4xx_sdio.o(i.SDIO_SendCEATACmd), (12 bytes).
    Removing stm32f4xx_sdio.o(i.SDIO_SendCommand), (40 bytes).
    Removing stm32f4xx_sdio.o(i.SDIO_SendSDIOSuspendCmd), (12 bytes).
    Removing stm32f4xx_sdio.o(i.SDIO_SetPowerState), (12 bytes).
    Removing stm32f4xx_sdio.o(i.SDIO_SetSDIOOperation), (12 bytes).
    Removing stm32f4xx_sdio.o(i.SDIO_SetSDIOReadWaitMode), (12 bytes).
    Removing stm32f4xx_sdio.o(i.SDIO_StartSDIOReadWait), (12 bytes).
    Removing stm32f4xx_sdio.o(i.SDIO_StopSDIOReadWait), (12 bytes).
    Removing stm32f4xx_sdio.o(i.SDIO_StructInit), (16 bytes).
    Removing stm32f4xx_sdio.o(i.SDIO_WriteData), (12 bytes).
    Removing stm32f4xx_syscfg.o(.rev16_text), (4 bytes).
    Removing stm32f4xx_syscfg.o(.revsh_text), (4 bytes).
    Removing stm32f4xx_syscfg.o(.rrx_text), (6 bytes).
    Removing stm32f4xx_syscfg.o(i.SYSCFG_CompensationCellCmd), (12 bytes).
    Removing stm32f4xx_syscfg.o(i.SYSCFG_DeInit), (24 bytes).
    Removing stm32f4xx_syscfg.o(i.SYSCFG_ETH_MediaInterfaceConfig), (12 bytes).
    Removing stm32f4xx_syscfg.o(i.SYSCFG_EXTILineConfig), (48 bytes).
    Removing stm32f4xx_syscfg.o(i.SYSCFG_GetCompensationCellStatus), (20 bytes).
    Removing stm32f4xx_syscfg.o(i.SYSCFG_MemoryRemapConfig), (12 bytes).
    Removing stm32f4xx_syscfg.o(i.SYSCFG_MemorySwappingBank), (12 bytes).
    Removing stm32f4xx_tim.o(.rev16_text), (4 bytes).
    Removing stm32f4xx_tim.o(.revsh_text), (4 bytes).
    Removing stm32f4xx_tim.o(.rrx_text), (6 bytes).
    Removing stm32f4xx_tim.o(i.TI1_Config), (46 bytes).
    Removing stm32f4xx_tim.o(i.TI2_Config), (54 bytes).
    Removing stm32f4xx_tim.o(i.TIM_ARRPreloadConfig), (20 bytes).
    Removing stm32f4xx_tim.o(i.TIM_BDTRConfig), (34 bytes).
    Removing stm32f4xx_tim.o(i.TIM_BDTRStructInit), (18 bytes).
    Removing stm32f4xx_tim.o(i.TIM_CCPreloadControl), (20 bytes).
    Removing stm32f4xx_tim.o(i.TIM_CCxCmd), (22 bytes).
    Removing stm32f4xx_tim.o(i.TIM_CCxNCmd), (22 bytes).
    Removing stm32f4xx_tim.o(i.TIM_ClearFlag), (6 bytes).
    Removing stm32f4xx_tim.o(i.TIM_ClearITPendingBit), (6 bytes).
    Removing stm32f4xx_tim.o(i.TIM_ClearOC1Ref), (12 bytes).
    Removing stm32f4xx_tim.o(i.TIM_ClearOC2Ref), (20 bytes).
    Removing stm32f4xx_tim.o(i.TIM_ClearOC3Ref), (12 bytes).
    Removing stm32f4xx_tim.o(i.TIM_ClearOC4Ref), (20 bytes).
    Removing stm32f4xx_tim.o(i.TIM_Cmd), (20 bytes).
    Removing stm32f4xx_tim.o(i.TIM_CounterModeConfig), (12 bytes).
    Removing stm32f4xx_tim.o(i.TIM_CtrlPWMOutputs), (22 bytes).
    Removing stm32f4xx_tim.o(i.TIM_DMACmd), (16 bytes).
    Removing stm32f4xx_tim.o(i.TIM_DMAConfig), (8 bytes).
    Removing stm32f4xx_tim.o(i.TIM_DeInit), (336 bytes).
    Removing stm32f4xx_tim.o(i.TIM_ETRClockMode1Config), (18 bytes).
    Removing stm32f4xx_tim.o(i.TIM_ETRClockMode2Config), (18 bytes).
    Removing stm32f4xx_tim.o(i.TIM_ETRConfig), (24 bytes).
    Removing stm32f4xx_tim.o(i.TIM_EncoderInterfaceConfig), (50 bytes).
    Removing stm32f4xx_tim.o(i.TIM_ForcedOC1Config), (12 bytes).
    Removing stm32f4xx_tim.o(i.TIM_ForcedOC2Config), (20 bytes).
    Removing stm32f4xx_tim.o(i.TIM_ForcedOC3Config), (12 bytes).
    Removing stm32f4xx_tim.o(i.TIM_ForcedOC4Config), (20 bytes).
    Removing stm32f4xx_tim.o(i.TIM_GenerateEvent), (4 bytes).
    Removing stm32f4xx_tim.o(i.TIM_GetCapture1), (4 bytes).
    Removing stm32f4xx_tim.o(i.TIM_GetCapture2), (4 bytes).
    Removing stm32f4xx_tim.o(i.TIM_GetCapture3), (4 bytes).
    Removing stm32f4xx_tim.o(i.TIM_GetCapture4), (4 bytes).
    Removing stm32f4xx_tim.o(i.TIM_GetCounter), (4 bytes).
    Removing stm32f4xx_tim.o(i.TIM_GetFlagStatus), (14 bytes).
    Removing stm32f4xx_tim.o(i.TIM_GetITStatus), (24 bytes).
    Removing stm32f4xx_tim.o(i.TIM_GetPrescaler), (4 bytes).
    Removing stm32f4xx_tim.o(i.TIM_ICInit), (172 bytes).
    Removing stm32f4xx_tim.o(i.TIM_ICStructInit), (16 bytes).
    Removing stm32f4xx_tim.o(i.TIM_ITConfig), (16 bytes).
    Removing stm32f4xx_tim.o(i.TIM_ITRxExternalClockConfig), (18 bytes).
    Removing stm32f4xx_tim.o(i.TIM_InternalClockConfig), (10 bytes).
    Removing stm32f4xx_tim.o(i.TIM_OC1FastConfig), (12 bytes).
    Removing stm32f4xx_tim.o(i.TIM_OC1Init), (96 bytes).
    Removing stm32f4xx_tim.o(i.TIM_OC1NPolarityConfig), (12 bytes).
    Removing stm32f4xx_tim.o(i.TIM_OC1PolarityConfig), (12 bytes).
    Removing stm32f4xx_tim.o(i.TIM_OC1PreloadConfig), (12 bytes).
    Removing stm32f4xx_tim.o(i.TIM_OC2FastConfig), (20 bytes).
    Removing stm32f4xx_tim.o(i.TIM_OC2Init), (128 bytes).
    Removing stm32f4xx_tim.o(i.TIM_OC2NPolarityConfig), (20 bytes).
    Removing stm32f4xx_tim.o(i.TIM_OC2PolarityConfig), (20 bytes).
    Removing stm32f4xx_tim.o(i.TIM_OC2PreloadConfig), (20 bytes).
    Removing stm32f4xx_tim.o(i.TIM_OC3FastConfig), (12 bytes).
    Removing stm32f4xx_tim.o(i.TIM_OC3Init), (124 bytes).
    Removing stm32f4xx_tim.o(i.TIM_OC3NPolarityConfig), (20 bytes).
    Removing stm32f4xx_tim.o(i.TIM_OC3PolarityConfig), (20 bytes).
    Removing stm32f4xx_tim.o(i.TIM_OC3PreloadConfig), (12 bytes).
    Removing stm32f4xx_tim.o(i.TIM_OC4FastConfig), (20 bytes).
    Removing stm32f4xx_tim.o(i.TIM_OC4Init), (96 bytes).
    Removing stm32f4xx_tim.o(i.TIM_OC4PolarityConfig), (20 bytes).
    Removing stm32f4xx_tim.o(i.TIM_OC4PreloadConfig), (20 bytes).
    Removing stm32f4xx_tim.o(i.TIM_OCStructInit), (20 bytes).
    Removing stm32f4xx_tim.o(i.TIM_PWMIConfig), (108 bytes).
    Removing stm32f4xx_tim.o(i.TIM_PrescalerConfig), (6 bytes).
    Removing stm32f4xx_tim.o(i.TIM_RemapConfig), (6 bytes).
    Removing stm32f4xx_tim.o(i.TIM_SelectCCDMA), (20 bytes).
    Removing stm32f4xx_tim.o(i.TIM_SelectCOM), (20 bytes).
    Removing stm32f4xx_tim.o(i.TIM_SelectHallSensor), (20 bytes).
    Removing stm32f4xx_tim.o(i.TIM_SelectInputTrigger), (12 bytes).
    Removing stm32f4xx_tim.o(i.TIM_SelectMasterSlaveMode), (16 bytes).
    Removing stm32f4xx_tim.o(i.TIM_SelectOCxM), (74 bytes).
    Removing stm32f4xx_tim.o(i.TIM_SelectOnePulseMode), (16 bytes).
    Removing stm32f4xx_tim.o(i.TIM_SelectOutputTrigger), (16 bytes).
    Removing stm32f4xx_tim.o(i.TIM_SelectSlaveMode), (16 bytes).
    Removing stm32f4xx_tim.o(i.TIM_SetAutoreload), (4 bytes).
    Removing stm32f4xx_tim.o(i.TIM_SetClockDivision), (16 bytes).
    Removing stm32f4xx_tim.o(i.TIM_SetCompare1), (4 bytes).
    Removing stm32f4xx_tim.o(i.TIM_SetCompare2), (4 bytes).
    Removing stm32f4xx_tim.o(i.TIM_SetCompare3), (4 bytes).
    Removing stm32f4xx_tim.o(i.TIM_SetCompare4), (4 bytes).
    Removing stm32f4xx_tim.o(i.TIM_SetCounter), (4 bytes).
    Removing stm32f4xx_tim.o(i.TIM_SetIC1Prescaler), (16 bytes).
    Removing stm32f4xx_tim.o(i.TIM_SetIC2Prescaler), (24 bytes).
    Removing stm32f4xx_tim.o(i.TIM_SetIC3Prescaler), (16 bytes).
    Removing stm32f4xx_tim.o(i.TIM_SetIC4Prescaler), (24 bytes).
    Removing stm32f4xx_tim.o(i.TIM_TIxExternalClockConfig), (46 bytes).
    Removing stm32f4xx_tim.o(i.TIM_TimeBaseInit), (124 bytes).
    Removing stm32f4xx_tim.o(i.TIM_TimeBaseStructInit), (18 bytes).
    Removing stm32f4xx_tim.o(i.TIM_UpdateDisableConfig), (20 bytes).
    Removing stm32f4xx_tim.o(i.TIM_UpdateRequestConfig), (20 bytes).
    Removing stm32f4xx_flash.o(.rev16_text), (4 bytes).
    Removing stm32f4xx_flash.o(.revsh_text), (4 bytes).
    Removing stm32f4xx_flash.o(.rrx_text), (6 bytes).
    Removing stm32f4xx_flash.o(i.FLASH_ClearFlag), (12 bytes).
    Removing stm32f4xx_flash.o(i.FLASH_DataCacheCmd), (28 bytes).
    Removing stm32f4xx_flash.o(i.FLASH_DataCacheReset), (16 bytes).
    Removing stm32f4xx_flash.o(i.FLASH_EraseAllBank1Sectors), (92 bytes).
    Removing stm32f4xx_flash.o(i.FLASH_EraseAllBank2Sectors), (92 bytes).
    Removing stm32f4xx_flash.o(i.FLASH_EraseAllSectors), (92 bytes).
    Removing stm32f4xx_flash.o(i.FLASH_EraseSector), (108 bytes).
    Removing stm32f4xx_flash.o(i.FLASH_GetFlagStatus), (20 bytes).
    Removing stm32f4xx_flash.o(i.FLASH_GetStatus), (60 bytes).
    Removing stm32f4xx_flash.o(i.FLASH_ITConfig), (24 bytes).
    Removing stm32f4xx_flash.o(i.FLASH_InstructionCacheCmd), (28 bytes).
    Removing stm32f4xx_flash.o(i.FLASH_InstructionCacheReset), (16 bytes).
    Removing stm32f4xx_flash.o(i.FLASH_Lock), (16 bytes).
    Removing stm32f4xx_flash.o(i.FLASH_OB_BORConfig), (24 bytes).
    Removing stm32f4xx_flash.o(i.FLASH_OB_BootConfig), (24 bytes).
    Removing stm32f4xx_flash.o(i.FLASH_OB_GetBOR), (16 bytes).
    Removing stm32f4xx_flash.o(i.FLASH_OB_GetPCROP), (12 bytes).
    Removing stm32f4xx_flash.o(i.FLASH_OB_GetPCROP1), (12 bytes).
    Removing stm32f4xx_flash.o(i.FLASH_OB_GetRDP), (20 bytes).
    Removing stm32f4xx_flash.o(i.FLASH_OB_GetUser), (16 bytes).
    Removing stm32f4xx_flash.o(i.FLASH_OB_GetWRP), (12 bytes).
    Removing stm32f4xx_flash.o(i.FLASH_OB_GetWRP1), (12 bytes).
    Removing stm32f4xx_flash.o(i.FLASH_OB_Launch), (20 bytes).
    Removing stm32f4xx_flash.o(i.FLASH_OB_Lock), (16 bytes).
    Removing stm32f4xx_flash.o(i.FLASH_OB_PCROP1Config), (36 bytes).
    Removing stm32f4xx_flash.o(i.FLASH_OB_PCROPConfig), (36 bytes).
    Removing stm32f4xx_flash.o(i.FLASH_OB_PCROPSelectionConfig), (20 bytes).
    Removing stm32f4xx_flash.o(i.FLASH_OB_RDPConfig), (24 bytes).
    Removing stm32f4xx_flash.o(i.FLASH_OB_Unlock), (36 bytes).
    Removing stm32f4xx_flash.o(i.FLASH_OB_UserConfig), (40 bytes).
    Removing stm32f4xx_flash.o(i.FLASH_OB_WRP1Config), (36 bytes).
    Removing stm32f4xx_flash.o(i.FLASH_OB_WRPConfig), (36 bytes).
    Removing stm32f4xx_flash.o(i.FLASH_ProgramByte), (56 bytes).
    Removing stm32f4xx_flash.o(i.FLASH_ProgramDoubleWord), (64 bytes).
    Removing stm32f4xx_flash.o(i.FLASH_ProgramHalfWord), (60 bytes).
    Removing stm32f4xx_flash.o(i.FLASH_ProgramWord), (60 bytes).
    Removing stm32f4xx_flash.o(i.FLASH_Unlock), (36 bytes).
    Removing stm32f4xx_flash.o(i.FLASH_WaitForLastOperation), (30 bytes).
    Removing stm32f4xx_pwr.o(.rev16_text), (4 bytes).
    Removing stm32f4xx_pwr.o(.revsh_text), (4 bytes).
    Removing stm32f4xx_pwr.o(.rrx_text), (6 bytes).
    Removing stm32f4xx_pwr.o(i.PWR_BackupAccessCmd), (12 bytes).
    Removing stm32f4xx_pwr.o(i.PWR_BackupRegulatorCmd), (12 bytes).
    Removing stm32f4xx_pwr.o(i.PWR_ClearFlag), (16 bytes).
    Removing stm32f4xx_pwr.o(i.PWR_DeInit), (24 bytes).
    Removing stm32f4xx_pwr.o(i.PWR_EnterSTANDBYMode), (32 bytes).
    Removing stm32f4xx_pwr.o(i.PWR_EnterSTOPMode), (56 bytes).
    Removing stm32f4xx_pwr.o(i.PWR_EnterUnderDriveSTOPMode), (56 bytes).
    Removing stm32f4xx_pwr.o(i.PWR_FlashPowerDownCmd), (12 bytes).
    Removing stm32f4xx_pwr.o(i.PWR_GetFlagStatus), (20 bytes).
    Removing stm32f4xx_pwr.o(i.PWR_OverDriveCmd), (12 bytes).
    Removing stm32f4xx_pwr.o(i.PWR_OverDriveSWCmd), (12 bytes).
    Removing stm32f4xx_pwr.o(i.PWR_PVDCmd), (12 bytes).
    Removing stm32f4xx_pwr.o(i.PWR_PVDLevelConfig), (20 bytes).
    Removing stm32f4xx_pwr.o(i.PWR_UnderDriveCmd), (28 bytes).
    Removing stm32f4xx_pwr.o(i.PWR_WakeUpPinCmd), (12 bytes).
    Removing startup_stm32f40_41xxx.o(HEAP), (512 bytes).

360 unused section(s) (total 9442 bytes) removed from the image.

==============================================================================

Image Symbol Table

    Local Symbols

    Symbol Name                              Value     Ov Type        Size  Object(Section)

    ../clib/microlib/init/entry.s            0x00000000   Number         0  entry2.o ABSOLUTE
    ../clib/microlib/init/entry.s            0x00000000   Number         0  entry8a.o ABSOLUTE
    ../clib/microlib/init/entry.s            0x00000000   Number         0  entry7b.o ABSOLUTE
    ../clib/microlib/init/entry.s            0x00000000   Number         0  entry7a.o ABSOLUTE
    ../clib/microlib/init/entry.s            0x00000000   Number         0  entry8b.o ABSOLUTE
    ../clib/microlib/init/entry.s            0x00000000   Number         0  entry9a.o ABSOLUTE
    ../clib/microlib/init/entry.s            0x00000000   Number         0  entry.o ABSOLUTE
    ../clib/microlib/init/entry.s            0x00000000   Number         0  entry5.o ABSOLUTE
    ../clib/microlib/init/entry.s            0x00000000   Number         0  entry10a.o ABSOLUTE
    ../clib/microlib/init/entry.s            0x00000000   Number         0  entry11b.o ABSOLUTE
    ../clib/microlib/init/entry.s            0x00000000   Number         0  entry11a.o ABSOLUTE
    ../clib/microlib/init/entry.s            0x00000000   Number         0  entry10b.o ABSOLUTE
    ../clib/microlib/init/entry.s            0x00000000   Number         0  entry9b.o ABSOLUTE
    ../main.c                                0x00000000   Number         0  main.o ABSOLUTE
    ../stm32f4xx_it.c                        0x00000000   Number         0  stm32f4xx_it.o ABSOLUTE
    ../system_stm32f4xx.c                    0x00000000   Number         0  system_stm32f4xx.o ABSOLUTE
    ..\Libraries\CMSIS\Device\ST\STM32F4xx\Source\Templates\arm\startup_stm32f40_41xxx.s 0x00000000   Number         0  startup_stm32f40_41xxx.o ABSOLUTE
    ..\Libraries\STM32F4xx_StdPeriph_Driver\src\misc.c 0x00000000   Number         0  misc.o ABSOLUTE
    ..\Libraries\STM32F4xx_StdPeriph_Driver\src\stm32f4xx_crc.c 0x00000000   Number         0  stm32f4xx_crc.o ABSOLUTE
    ..\Libraries\STM32F4xx_StdPeriph_Driver\src\stm32f4xx_dma.c 0x00000000   Number         0  stm32f4xx_dma.o ABSOLUTE
    ..\Libraries\STM32F4xx_StdPeriph_Driver\src\stm32f4xx_dma2d.c 0x00000000   Number         0  stm32f4xx_dma2d.o ABSOLUTE
    ..\Libraries\STM32F4xx_StdPeriph_Driver\src\stm32f4xx_exti.c 0x00000000   Number         0  stm32f4xx_exti.o ABSOLUTE
    ..\Libraries\STM32F4xx_StdPeriph_Driver\src\stm32f4xx_flash.c 0x00000000   Number         0  stm32f4xx_flash.o ABSOLUTE
    ..\Libraries\STM32F4xx_StdPeriph_Driver\src\stm32f4xx_gpio.c 0x00000000   Number         0  stm32f4xx_gpio.o ABSOLUTE
    ..\Libraries\STM32F4xx_StdPeriph_Driver\src\stm32f4xx_pwr.c 0x00000000   Number         0  stm32f4xx_pwr.o ABSOLUTE
    ..\Libraries\STM32F4xx_StdPeriph_Driver\src\stm32f4xx_rcc.c 0x00000000   Number         0  stm32f4xx_rcc.o ABSOLUTE
    ..\Libraries\STM32F4xx_StdPeriph_Driver\src\stm32f4xx_sai.c 0x00000000   Number         0  stm32f4xx_sai.o ABSOLUTE
    ..\Libraries\STM32F4xx_StdPeriph_Driver\src\stm32f4xx_sdio.c 0x00000000   Number         0  stm32f4xx_sdio.o ABSOLUTE
    ..\Libraries\STM32F4xx_StdPeriph_Driver\src\stm32f4xx_syscfg.c 0x00000000   Number         0  stm32f4xx_syscfg.o ABSOLUTE
    ..\Libraries\STM32F4xx_StdPeriph_Driver\src\stm32f4xx_tim.c 0x00000000   Number         0  stm32f4xx_tim.o ABSOLUTE
    ..\\Libraries\\STM32F4xx_StdPeriph_Driver\\src\\misc.c 0x00000000   Number         0  misc.o ABSOLUTE
    ..\\Libraries\\STM32F4xx_StdPeriph_Driver\\src\\stm32f4xx_crc.c 0x00000000   Number         0  stm32f4xx_crc.o ABSOLUTE
    ..\\Libraries\\STM32F4xx_StdPeriph_Driver\\src\\stm32f4xx_dma.c 0x00000000   Number         0  stm32f4xx_dma.o ABSOLUTE
    ..\\Libraries\\STM32F4xx_StdPeriph_Driver\\src\\stm32f4xx_dma2d.c 0x00000000   Number         0  stm32f4xx_dma2d.o ABSOLUTE
    ..\\Libraries\\STM32F4xx_StdPeriph_Driver\\src\\stm32f4xx_exti.c 0x00000000   Number         0  stm32f4xx_exti.o ABSOLUTE
    ..\\Libraries\\STM32F4xx_StdPeriph_Driver\\src\\stm32f4xx_flash.c 0x00000000   Number         0  stm32f4xx_flash.o ABSOLUTE
    ..\\Libraries\\STM32F4xx_StdPeriph_Driver\\src\\stm32f4xx_gpio.c 0x00000000   Number         0  stm32f4xx_gpio.o ABSOLUTE
    ..\\Libraries\\STM32F4xx_StdPeriph_Driver\\src\\stm32f4xx_pwr.c 0x00000000   Number         0  stm32f4xx_pwr.o ABSOLUTE
    ..\\Libraries\\STM32F4xx_StdPeriph_Driver\\src\\stm32f4xx_rcc.c 0x00000000   Number         0  stm32f4xx_rcc.o ABSOLUTE
    ..\\Libraries\\STM32F4xx_StdPeriph_Driver\\src\\stm32f4xx_sai.c 0x00000000   Number         0  stm32f4xx_sai.o ABSOLUTE
    ..\\Libraries\\STM32F4xx_StdPeriph_Driver\\src\\stm32f4xx_sdio.c 0x00000000   Number         0  stm32f4xx_sdio.o ABSOLUTE
    ..\\Libraries\\STM32F4xx_StdPeriph_Driver\\src\\stm32f4xx_syscfg.c 0x00000000   Number         0  stm32f4xx_syscfg.o ABSOLUTE
    ..\\Libraries\\STM32F4xx_StdPeriph_Driver\\src\\stm32f4xx_tim.c 0x00000000   Number         0  stm32f4xx_tim.o ABSOLUTE
    ..\main.c                                0x00000000   Number         0  main.o ABSOLUTE
    ..\stm32f4xx_it.c                        0x00000000   Number         0  stm32f4xx_it.o ABSOLUTE
    ..\system_stm32f4xx.c                    0x00000000   Number         0  system_stm32f4xx.o ABSOLUTE
    dc.s                                     0x00000000   Number         0  dc.o ABSOLUTE
    handlers.s                               0x00000000   Number         0  handlers.o ABSOLUTE
    init.s                                   0x00000000   Number         0  init.o ABSOLUTE
    RESET                                    0x08000000   Section      392  startup_stm32f40_41xxx.o(RESET)
    .ARM.Collect$$$$00000000                 0x08000188   Section        0  entry.o(.ARM.Collect$$$$00000000)
    .ARM.Collect$$$$00000001                 0x08000188   Section        4  entry2.o(.ARM.Collect$$$$00000001)
    .ARM.Collect$$$$00000004                 0x0800018c   Section        4  entry5.o(.ARM.Collect$$$$00000004)
    .ARM.Collect$$$$00000008                 0x08000190   Section        0  entry7b.o(.ARM.Collect$$$$00000008)
    .ARM.Collect$$$$0000000A                 0x08000190   Section        0  entry8b.o(.ARM.Collect$$$$0000000A)
    .ARM.Collect$$$$0000000B                 0x08000190   Section        8  entry9a.o(.ARM.Collect$$$$0000000B)
    .ARM.Collect$$$$0000000D                 0x08000198   Section        0  entry10a.o(.ARM.Collect$$$$0000000D)
    .ARM.Collect$$$$0000000F                 0x08000198   Section        0  entry11a.o(.ARM.Collect$$$$0000000F)
    .ARM.Collect$$$$00002712                 0x08000198   Section        4  entry2.o(.ARM.Collect$$$$00002712)
    __lit__00000000                          0x08000198   Data           4  entry2.o(.ARM.Collect$$$$00002712)
    .text                                    0x0800019c   Section       36  startup_stm32f40_41xxx.o(.text)
    $v0                                      0x0800019c   Number         0  startup_stm32f40_41xxx.o(.text)
    .text                                    0x080001c0   Section       36  init.o(.text)
    i.BusFault_Handler                       0x080001e4   Section        0  stm32f4xx_it.o(i.BusFault_Handler)
    i.DebugMon_Handler                       0x080001e6   Section        0  stm32f4xx_it.o(i.DebugMon_Handler)
    i.Delay                                  0x080001e8   Section        0  main.o(i.Delay)
    Delay                                    0x080001e9   Thumb Code    16  main.o(i.Delay)
    i.FLASH_PrefetchBufferCmd                0x080001fc   Section        0  stm32f4xx_flash.o(i.FLASH_PrefetchBufferCmd)
    i.FLASH_SetLatency                       0x08000218   Section        0  stm32f4xx_flash.o(i.FLASH_SetLatency)
    i.GPIO_Init                              0x08000224   Section        0  stm32f4xx_gpio.o(i.GPIO_Init)
    i.GPIO_ResetBits                         0x080002c6   Section        0  stm32f4xx_gpio.o(i.GPIO_ResetBits)
    i.GPIO_SetBits                           0x080002ca   Section        0  stm32f4xx_gpio.o(i.GPIO_SetBits)
    i.HSE_config                             0x080002ce   Section        0  main.o(i.HSE_config)
    i.HardFault_Handler                      0x08000338   Section        0  stm32f4xx_it.o(i.HardFault_Handler)
    i.MemManage_Handler                      0x0800033a   Section        0  stm32f4xx_it.o(i.MemManage_Handler)
    i.My_GPIO_Init                           0x0800033c   Section        0  main.o(i.My_GPIO_Init)
    i.My_SAI_Init                            0x08000370   Section        0  main.o(i.My_SAI_Init)
    i.NMI_Handler                            0x080003a8   Section        0  stm32f4xx_it.o(i.NMI_Handler)
    i.PWR_MainRegulatorModeConfig            0x080003ac   Section        0  stm32f4xx_pwr.o(i.PWR_MainRegulatorModeConfig)
    i.PendSV_Handler                         0x080003c0   Section        0  stm32f4xx_it.o(i.PendSV_Handler)
    i.RCC_AHB1PeriphClockCmd                 0x080003c4   Section        0  stm32f4xx_rcc.o(i.RCC_AHB1PeriphClockCmd)
    i.RCC_AHB2PeriphClockCmd                 0x080003dc   Section        0  stm32f4xx_rcc.o(i.RCC_AHB2PeriphClockCmd)
    i.RCC_DeInit                             0x080003f4   Section        0  stm32f4xx_rcc.o(i.RCC_DeInit)
    i.RCC_GetClocksFreq                      0x08000448   Section        0  stm32f4xx_rcc.o(i.RCC_GetClocksFreq)
    i.RCC_GetFlagStatus                      0x080004d8   Section        0  stm32f4xx_rcc.o(i.RCC_GetFlagStatus)
    i.RCC_GetSYSCLKSource                    0x0800050c   Section        0  stm32f4xx_rcc.o(i.RCC_GetSYSCLKSource)
    i.RCC_HCLKConfig                         0x0800051c   Section        0  stm32f4xx_rcc.o(i.RCC_HCLKConfig)
    i.RCC_HSEConfig                          0x08000530   Section        0  stm32f4xx_rcc.o(i.RCC_HSEConfig)
    i.RCC_PCLK1Config                        0x08000540   Section        0  stm32f4xx_rcc.o(i.RCC_PCLK1Config)
    i.RCC_PCLK2Config                        0x08000554   Section        0  stm32f4xx_rcc.o(i.RCC_PCLK2Config)
    i.RCC_PLLCmd                             0x08000568   Section        0  stm32f4xx_rcc.o(i.RCC_PLLCmd)
    i.RCC_PLLConfig                          0x08000574   Section        0  stm32f4xx_rcc.o(i.RCC_PLLConfig)
    i.RCC_SYSCLKConfig                       0x0800059c   Section        0  stm32f4xx_rcc.o(i.RCC_SYSCLKConfig)
    i.RCC_WaitForHSEStartUp                  0x080005b0   Section        0  stm32f4xx_rcc.o(i.RCC_WaitForHSEStartUp)
    i.SAI_Init                               0x080005dc   Section        0  stm32f4xx_sai.o(i.SAI_Init)
    i.SVC_Handler                            0x08000624   Section        0  stm32f4xx_it.o(i.SVC_Handler)
    i.SetSysClock                            0x08000628   Section        0  system_stm32f4xx.o(i.SetSysClock)
    SetSysClock                              0x08000629   Thumb Code   162  system_stm32f4xx.o(i.SetSysClock)
    i.SysTick_Handler                        0x080006dc   Section        0  stm32f4xx_it.o(i.SysTick_Handler)
    i.SystemCoreClockUpdate                  0x080006e0   Section        0  system_stm32f4xx.o(i.SystemCoreClockUpdate)
    i.SystemInit                             0x08000758   Section        0  system_stm32f4xx.o(i.SystemInit)
    i.TimingDelay_Decrement                  0x080007b4   Section        0  main.o(i.TimingDelay_Decrement)
    i.UsageFault_Handler                     0x080007c8   Section        0  stm32f4xx_it.o(i.UsageFault_Handler)
    i.__scatterload_copy                     0x080007ca   Section       14  handlers.o(i.__scatterload_copy)
    i.__scatterload_null                     0x080007d8   Section        2  handlers.o(i.__scatterload_null)
    i.__scatterload_zeroinit                 0x080007da   Section       14  handlers.o(i.__scatterload_zeroinit)
    i.main                                   0x080007e8   Section        0  main.o(i.main)
    .data                                    0x20000000   Section       20  system_stm32f4xx.o(.data)
    .data                                    0x20000014   Section        8  main.o(.data)
    uwTimingDelay                            0x20000018   Data           4  main.o(.data)
    .data                                    0x2000001c   Section       16  stm32f4xx_rcc.o(.data)
    APBAHBPrescTable                         0x2000001c   Data          16  stm32f4xx_rcc.o(.data)
    .bss                                     0x2000002c   Section       16  main.o(.bss)
    STACK                                    0x20000040   Section     1024  startup_stm32f40_41xxx.o(STACK)

    Global Symbols

    Symbol Name                              Value     Ov Type        Size  Object(Section)

    BuildAttributes$$THM_ISAv4$E$P$D$K$B$S$7EM$VFPi3$EXTD16$VFPS$VFMA$PE$A:L22UL41UL21$X:L11$S22US41US21$IEEE1$IW$USESV6$~STKCKD$USESV7$~SHL$OSPACE$EBA8$MICROLIB$REQ8$PRES8$EABIv2 0x00000000   Number         0  anon$$obj.o ABSOLUTE
    __ARM_use_no_argv                        0x00000000   Number         0  main.o ABSOLUTE
    __cpp_initialize__aeabi_                  - Undefined Weak Reference
    __cxa_finalize                            - Undefined Weak Reference
    __decompress                              - Undefined Weak Reference
    _clock_init                               - Undefined Weak Reference
    _microlib_exit                            - Undefined Weak Reference
    __Vectors_Size                           0x00000188   Number         0  startup_stm32f40_41xxx.o ABSOLUTE
    __Vectors                                0x08000000   Data           4  startup_stm32f40_41xxx.o(RESET)
    __Vectors_End                            0x08000188   Data           0  startup_stm32f40_41xxx.o(RESET)
    __main                                   0x08000189   Thumb Code     0  entry.o(.ARM.Collect$$$$00000000)
    _main_stk                                0x08000189   Thumb Code     0  entry2.o(.ARM.Collect$$$$00000001)
    _main_scatterload                        0x0800018d   Thumb Code     0  entry5.o(.ARM.Collect$$$$00000004)
    __main_after_scatterload                 0x08000191   Thumb Code     0  entry5.o(.ARM.Collect$$$$00000004)
    _main_clock                              0x08000191   Thumb Code     0  entry7b.o(.ARM.Collect$$$$00000008)
    _main_cpp_init                           0x08000191   Thumb Code     0  entry8b.o(.ARM.Collect$$$$0000000A)
    _main_init                               0x08000191   Thumb Code     0  entry9a.o(.ARM.Collect$$$$0000000B)
    __rt_final_cpp                           0x08000199   Thumb Code     0  entry10a.o(.ARM.Collect$$$$0000000D)
    __rt_final_exit                          0x08000199   Thumb Code     0  entry11a.o(.ARM.Collect$$$$0000000F)
    Reset_Handler                            0x0800019d   Thumb Code     8  startup_stm32f40_41xxx.o(.text)
    ADC_IRQHandler                           0x080001b7   Thumb Code     0  startup_stm32f40_41xxx.o(.text)
    CAN1_RX0_IRQHandler                      0x080001b7   Thumb Code     0  startup_stm32f40_41xxx.o(.text)
    CAN1_RX1_IRQHandler                      0x080001b7   Thumb Code     0  startup_stm32f40_41xxx.o(.text)
    CAN1_SCE_IRQHandler                      0x080001b7   Thumb Code     0  startup_stm32f40_41xxx.o(.text)
    CAN1_TX_IRQHandler                       0x080001b7   Thumb Code     0  startup_stm32f40_41xxx.o(.text)
    CAN2_RX0_IRQHandler                      0x080001b7   Thumb Code     0  startup_stm32f40_41xxx.o(.text)
    CAN2_RX1_IRQHandler                      0x080001b7   Thumb Code     0  startup_stm32f40_41xxx.o(.text)
    CAN2_SCE_IRQHandler                      0x080001b7   Thumb Code     0  startup_stm32f40_41xxx.o(.text)
    CAN2_TX_IRQHandler                       0x080001b7   Thumb Code     0  startup_stm32f40_41xxx.o(.text)
    CRYP_IRQHandler                          0x080001b7   Thumb Code     0  startup_stm32f40_41xxx.o(.text)
    DCMI_IRQHandler                          0x080001b7   Thumb Code     0  startup_stm32f40_41xxx.o(.text)
    DMA1_Stream0_IRQHandler                  0x080001b7   Thumb Code     0  startup_stm32f40_41xxx.o(.text)
    DMA1_Stream1_IRQHandler                  0x080001b7   Thumb Code     0  startup_stm32f40_41xxx.o(.text)
    DMA1_Stream2_IRQHandler                  0x080001b7   Thumb Code     0  startup_stm32f40_41xxx.o(.text)
    DMA1_Stream3_IRQHandler                  0x080001b7   Thumb Code     0  startup_stm32f40_41xxx.o(.text)
    DMA1_Stream4_IRQHandler                  0x080001b7   Thumb Code     0  startup_stm32f40_41xxx.o(.text)
    DMA1_Stream5_IRQHandler                  0x080001b7   Thumb Code     0  startup_stm32f40_41xxx.o(.text)
    DMA1_Stream6_IRQHandler                  0x080001b7   Thumb Code     0  startup_stm32f40_41xxx.o(.text)
    DMA1_Stream7_IRQHandler                  0x080001b7   Thumb Code     0  startup_stm32f40_41xxx.o(.text)
    DMA2_Stream0_IRQHandler                  0x080001b7   Thumb Code     0  startup_stm32f40_41xxx.o(.text)
    DMA2_Stream1_IRQHandler                  0x080001b7   Thumb Code     0  startup_stm32f40_41xxx.o(.text)
    DMA2_Stream2_IRQHandler                  0x080001b7   Thumb Code     0  startup_stm32f40_41xxx.o(.text)
    DMA2_Stream3_IRQHandler                  0x080001b7   Thumb Code     0  startup_stm32f40_41xxx.o(.text)
    DMA2_Stream4_IRQHandler                  0x080001b7   Thumb Code     0  startup_stm32f40_41xxx.o(.text)
    DMA2_Stream5_IRQHandler                  0x080001b7   Thumb Code     0  startup_stm32f40_41xxx.o(.text)
    DMA2_Stream6_IRQHandler                  0x080001b7   Thumb Code     0  startup_stm32f40_41xxx.o(.text)
    DMA2_Stream7_IRQHandler                  0x080001b7   Thumb Code     0  startup_stm32f40_41xxx.o(.text)
    ETH_IRQHandler                           0x080001b7   Thumb Code     0  startup_stm32f40_41xxx.o(.text)
    ETH_WKUP_IRQHandler                      0x080001b7   Thumb Code     0  startup_stm32f40_41xxx.o(.text)
    EXTI0_IRQHandler                         0x080001b7   Thumb Code     0  startup_stm32f40_41xxx.o(.text)
    EXTI15_10_IRQHandler                     0x080001b7   Thumb Code     0  startup_stm32f40_41xxx.o(.text)
    EXTI1_IRQHandler                         0x080001b7   Thumb Code     0  startup_stm32f40_41xxx.o(.text)
    EXTI2_IRQHandler                         0x080001b7   Thumb Code     0  startup_stm32f40_41xxx.o(.text)
    EXTI3_IRQHandler                         0x080001b7   Thumb Code     0  startup_stm32f40_41xxx.o(.text)
    EXTI4_IRQHandler                         0x080001b7   Thumb Code     0  startup_stm32f40_41xxx.o(.text)
    EXTI9_5_IRQHandler                       0x080001b7   Thumb Code     0  startup_stm32f40_41xxx.o(.text)
    FLASH_IRQHandler                         0x080001b7   Thumb Code     0  startup_stm32f40_41xxx.o(.text)
    FPU_IRQHandler                           0x080001b7   Thumb Code     0  startup_stm32f40_41xxx.o(.text)
    FSMC_IRQHandler                          0x080001b7   Thumb Code     0  startup_stm32f40_41xxx.o(.text)
    HASH_RNG_IRQHandler                      0x080001b7   Thumb Code     0  startup_stm32f40_41xxx.o(.text)
    I2C1_ER_IRQHandler                       0x080001b7   Thumb Code     0  startup_stm32f40_41xxx.o(.text)
    I2C1_EV_IRQHandler                       0x080001b7   Thumb Code     0  startup_stm32f40_41xxx.o(.text)
    I2C2_ER_IRQHandler                       0x080001b7   Thumb Code     0  startup_stm32f40_41xxx.o(.text)
    I2C2_EV_IRQHandler                       0x080001b7   Thumb Code     0  startup_stm32f40_41xxx.o(.text)
    I2C3_ER_IRQHandler                       0x080001b7   Thumb Code     0  startup_stm32f40_41xxx.o(.text)
    I2C3_EV_IRQHandler                       0x080001b7   Thumb Code     0  startup_stm32f40_41xxx.o(.text)
    OTG_FS_IRQHandler                        0x080001b7   Thumb Code     0  startup_stm32f40_41xxx.o(.text)
    OTG_FS_WKUP_IRQHandler                   0x080001b7   Thumb Code     0  startup_stm32f40_41xxx.o(.text)
    OTG_HS_EP1_IN_IRQHandler                 0x080001b7   Thumb Code     0  startup_stm32f40_41xxx.o(.text)
    OTG_HS_EP1_OUT_IRQHandler                0x080001b7   Thumb Code     0  startup_stm32f40_41xxx.o(.text)
    OTG_HS_IRQHandler                        0x080001b7   Thumb Code     0  startup_stm32f40_41xxx.o(.text)
    OTG_HS_WKUP_IRQHandler                   0x080001b7   Thumb Code     0  startup_stm32f40_41xxx.o(.text)
    PVD_IRQHandler                           0x080001b7   Thumb Code     0  startup_stm32f40_41xxx.o(.text)
    RCC_IRQHandler                           0x080001b7   Thumb Code     0  startup_stm32f40_41xxx.o(.text)
    RTC_Alarm_IRQHandler                     0x080001b7   Thumb Code     0  startup_stm32f40_41xxx.o(.text)
    RTC_WKUP_IRQHandler                      0x080001b7   Thumb Code     0  startup_stm32f40_41xxx.o(.text)
    SDIO_IRQHandler                          0x080001b7   Thumb Code     0  startup_stm32f40_41xxx.o(.text)
    SPI1_IRQHandler                          0x080001b7   Thumb Code     0  startup_stm32f40_41xxx.o(.text)
    SPI2_IRQHandler                          0x080001b7   Thumb Code     0  startup_stm32f40_41xxx.o(.text)
    SPI3_IRQHandler                          0x080001b7   Thumb Code     0  startup_stm32f40_41xxx.o(.text)
    TAMP_STAMP_IRQHandler                    0x080001b7   Thumb Code     0  startup_stm32f40_41xxx.o(.text)
    TIM1_BRK_TIM9_IRQHandler                 0x080001b7   Thumb Code     0  startup_stm32f40_41xxx.o(.text)
    TIM1_CC_IRQHandler                       0x080001b7   Thumb Code     0  startup_stm32f40_41xxx.o(.text)
    TIM1_TRG_COM_TIM11_IRQHandler            0x080001b7   Thumb Code     0  startup_stm32f40_41xxx.o(.text)
    TIM1_UP_TIM10_IRQHandler                 0x080001b7   Thumb Code     0  startup_stm32f40_41xxx.o(.text)
    TIM2_IRQHandler                          0x080001b7   Thumb Code     0  startup_stm32f40_41xxx.o(.text)
    TIM3_IRQHandler                          0x080001b7   Thumb Code     0  startup_stm32f40_41xxx.o(.text)
    TIM4_IRQHandler                          0x080001b7   Thumb Code     0  startup_stm32f40_41xxx.o(.text)
    TIM5_IRQHandler                          0x080001b7   Thumb Code     0  startup_stm32f40_41xxx.o(.text)
    TIM6_DAC_IRQHandler                      0x080001b7   Thumb Code     0  startup_stm32f40_41xxx.o(.text)
    TIM7_IRQHandler                          0x080001b7   Thumb Code     0  startup_stm32f40_41xxx.o(.text)
    TIM8_BRK_TIM12_IRQHandler                0x080001b7   Thumb Code     0  startup_stm32f40_41xxx.o(.text)
    TIM8_CC_IRQHandler                       0x080001b7   Thumb Code     0  startup_stm32f40_41xxx.o(.text)
    TIM8_TRG_COM_TIM14_IRQHandler            0x080001b7   Thumb Code     0  startup_stm32f40_41xxx.o(.text)
    TIM8_UP_TIM13_IRQHandler                 0x080001b7   Thumb Code     0  startup_stm32f40_41xxx.o(.text)
    UART4_IRQHandler                         0x080001b7   Thumb Code     0  startup_stm32f40_41xxx.o(.text)
    UART5_IRQHandler                         0x080001b7   Thumb Code     0  startup_stm32f40_41xxx.o(.text)
    USART1_IRQHandler                        0x080001b7   Thumb Code     0  startup_stm32f40_41xxx.o(.text)
    USART2_IRQHandler                        0x080001b7   Thumb Code     0  startup_stm32f40_41xxx.o(.text)
    USART3_IRQHandler                        0x080001b7   Thumb Code     0  startup_stm32f40_41xxx.o(.text)
    USART6_IRQHandler                        0x080001b7   Thumb Code     0  startup_stm32f40_41xxx.o(.text)
    WWDG_IRQHandler                          0x080001b7   Thumb Code     0  startup_stm32f40_41xxx.o(.text)
    __scatterload                            0x080001c1   Thumb Code    28  init.o(.text)
    __scatterload_rt2                        0x080001c1   Thumb Code     0  init.o(.text)
    BusFault_Handler                         0x080001e5   Thumb Code     2  stm32f4xx_it.o(i.BusFault_Handler)
    DebugMon_Handler                         0x080001e7   Thumb Code     2  stm32f4xx_it.o(i.DebugMon_Handler)
    FLASH_PrefetchBufferCmd                  0x080001fd   Thumb Code    22  stm32f4xx_flash.o(i.FLASH_PrefetchBufferCmd)
    FLASH_SetLatency                         0x08000219   Thumb Code     6  stm32f4xx_flash.o(i.FLASH_SetLatency)
    GPIO_Init                                0x08000225   Thumb Code   162  stm32f4xx_gpio.o(i.GPIO_Init)
    GPIO_ResetBits                           0x080002c7   Thumb Code     4  stm32f4xx_gpio.o(i.GPIO_ResetBits)
    GPIO_SetBits                             0x080002cb   Thumb Code     4  stm32f4xx_gpio.o(i.GPIO_SetBits)
    HSE_config                               0x080002cf   Thumb Code   106  main.o(i.HSE_config)
    HardFault_Handler                        0x08000339   Thumb Code     2  stm32f4xx_it.o(i.HardFault_Handler)
    MemManage_Handler                        0x0800033b   Thumb Code     2  stm32f4xx_it.o(i.MemManage_Handler)
    My_GPIO_Init                             0x0800033d   Thumb Code    46  main.o(i.My_GPIO_Init)
    My_SAI_Init                              0x08000371   Thumb Code    50  main.o(i.My_SAI_Init)
    NMI_Handler                              0x080003a9   Thumb Code     2  stm32f4xx_it.o(i.NMI_Handler)
    PWR_MainRegulatorModeConfig              0x080003ad   Thumb Code    14  stm32f4xx_pwr.o(i.PWR_MainRegulatorModeConfig)
    PendSV_Handler                           0x080003c1   Thumb Code     2  stm32f4xx_it.o(i.PendSV_Handler)
    RCC_AHB1PeriphClockCmd                   0x080003c5   Thumb Code    18  stm32f4xx_rcc.o(i.RCC_AHB1PeriphClockCmd)
    RCC_AHB2PeriphClockCmd                   0x080003dd   Thumb Code    18  stm32f4xx_rcc.o(i.RCC_AHB2PeriphClockCmd)
    RCC_DeInit                               0x080003f5   Thumb Code    68  stm32f4xx_rcc.o(i.RCC_DeInit)
    RCC_GetClocksFreq                        0x08000449   Thumb Code   132  stm32f4xx_rcc.o(i.RCC_GetClocksFreq)
    RCC_GetFlagStatus                        0x080004d9   Thumb Code    46  stm32f4xx_rcc.o(i.RCC_GetFlagStatus)
    RCC_GetSYSCLKSource                      0x0800050d   Thumb Code    10  stm32f4xx_rcc.o(i.RCC_GetSYSCLKSource)
    RCC_HCLKConfig                           0x0800051d   Thumb Code    14  stm32f4xx_rcc.o(i.RCC_HCLKConfig)
    RCC_HSEConfig                            0x08000531   Thumb Code    10  stm32f4xx_rcc.o(i.RCC_HSEConfig)
    RCC_PCLK1Config                          0x08000541   Thumb Code    14  stm32f4xx_rcc.o(i.RCC_PCLK1Config)
    RCC_PCLK2Config                          0x08000555   Thumb Code    16  stm32f4xx_rcc.o(i.RCC_PCLK2Config)
    RCC_PLLCmd                               0x08000569   Thumb Code     6  stm32f4xx_rcc.o(i.RCC_PLLCmd)
    RCC_PLLConfig                            0x08000575   Thumb Code    30  stm32f4xx_rcc.o(i.RCC_PLLConfig)
    RCC_SYSCLKConfig                         0x0800059d   Thumb Code    14  stm32f4xx_rcc.o(i.RCC_SYSCLKConfig)
    RCC_WaitForHSEStartUp                    0x080005b1   Thumb Code    44  stm32f4xx_rcc.o(i.RCC_WaitForHSEStartUp)
    SAI_Init                                 0x080005dd   Thumb Code    66  stm32f4xx_sai.o(i.SAI_Init)
    SVC_Handler                              0x08000625   Thumb Code     2  stm32f4xx_it.o(i.SVC_Handler)
    SysTick_Handler                          0x080006dd   Thumb Code     4  stm32f4xx_it.o(i.SysTick_Handler)
    SystemCoreClockUpdate                    0x080006e1   Thumb Code   106  system_stm32f4xx.o(i.SystemCoreClockUpdate)
    SystemInit                               0x08000759   Thumb Code    74  system_stm32f4xx.o(i.SystemInit)
    TimingDelay_Decrement                    0x080007b5   Thumb Code    16  main.o(i.TimingDelay_Decrement)
    UsageFault_Handler                       0x080007c9   Thumb Code     2  stm32f4xx_it.o(i.UsageFault_Handler)
    __scatterload_copy                       0x080007cb   Thumb Code    14  handlers.o(i.__scatterload_copy)
    __scatterload_null                       0x080007d9   Thumb Code     2  handlers.o(i.__scatterload_null)
    __scatterload_zeroinit                   0x080007db   Thumb Code    14  handlers.o(i.__scatterload_zeroinit)
    main                                     0x080007e9   Thumb Code   108  main.o(i.main)
    Region$$Table$$Base                      0x08000864   Number         0  anon$$obj.o(Region$$Table)
    Region$$Table$$Limit                     0x08000884   Number         0  anon$$obj.o(Region$$Table)
    SystemCoreClock                          0x20000000   Data           4  system_stm32f4xx.o(.data)
    AHBPrescTable                            0x20000004   Data          16  system_stm32f4xx.o(.data)
    clk                                      0x20000014   Data           1  main.o(.data)
    RCC_Clocks                               0x2000002c   Data          16  main.o(.bss)
    __initial_sp                             0x20000440   Data           0  startup_stm32f40_41xxx.o(STACK)



==============================================================================

Memory Map of the image

  Image Entry point : 0x08000189

  Load Region LR_IROM1 (Base: 0x08000000, Size: 0x000008b0, Max: 0x00080000, ABSOLUTE)

    Execution Region ER_IROM1 (Exec base: 0x08000000, Load base: 0x08000000, Size: 0x00000884, Max: 0x00080000, ABSOLUTE)

    Exec Addr    Load Addr    Size         Type   Attr      Idx    E Section Name        Object

    0x08000000   0x08000000   0x00000188   Data   RO         2520    RESET               startup_stm32f40_41xxx.o
    0x08000188   0x08000188   0x00000000   Code   RO         2525  * .ARM.Collect$$$$00000000  mc_w.l(entry.o)
    0x08000188   0x08000188   0x00000004   Code   RO         2528    .ARM.Collect$$$$00000001  mc_w.l(entry2.o)
    0x0800018c   0x0800018c   0x00000004   Code   RO         2531    .ARM.Collect$$$$00000004  mc_w.l(entry5.o)
    0x08000190   0x08000190   0x00000000   Code   RO         2533    .ARM.Collect$$$$00000008  mc_w.l(entry7b.o)
    0x08000190   0x08000190   0x00000000   Code   RO         2535    .ARM.Collect$$$$0000000A  mc_w.l(entry8b.o)
    0x08000190   0x08000190   0x00000008   Code   RO         2536    .ARM.Collect$$$$0000000B  mc_w.l(entry9a.o)
    0x08000198   0x08000198   0x00000000   Code   RO         2538    .ARM.Collect$$$$0000000D  mc_w.l(entry10a.o)
    0x08000198   0x08000198   0x00000000   Code   RO         2540    .ARM.Collect$$$$0000000F  mc_w.l(entry11a.o)
    0x08000198   0x08000198   0x00000004   Code   RO         2529    .ARM.Collect$$$$00002712  mc_w.l(entry2.o)
    0x0800019c   0x0800019c   0x00000024   Code   RO         2521    .text               startup_stm32f40_41xxx.o
    0x080001c0   0x080001c0   0x00000024   Code   RO         2542    .text               mc_w.l(init.o)
    0x080001e4   0x080001e4   0x00000002   Code   RO          151    i.BusFault_Handler  stm32f4xx_it.o
    0x080001e6   0x080001e6   0x00000002   Code   RO          152    i.DebugMon_Handler  stm32f4xx_it.o
    0x080001e8   0x080001e8   0x00000014   Code   RO          233    i.Delay             main.o
    0x080001fc   0x080001fc   0x0000001c   Code   RO         2181    i.FLASH_PrefetchBufferCmd  stm32f4xx_flash.o
    0x08000218   0x08000218   0x0000000c   Code   RO         2186    i.FLASH_SetLatency  stm32f4xx_flash.o
    0x08000224   0x08000224   0x000000a2   Code   RO          733    i.GPIO_Init         stm32f4xx_gpio.o
    0x080002c6   0x080002c6   0x00000004   Code   RO          740    i.GPIO_ResetBits    stm32f4xx_gpio.o
    0x080002ca   0x080002ca   0x00000004   Code   RO          741    i.GPIO_SetBits      stm32f4xx_gpio.o
    0x080002ce   0x080002ce   0x0000006a   Code   RO          234    i.HSE_config        main.o
    0x08000338   0x08000338   0x00000002   Code   RO          153    i.HardFault_Handler  stm32f4xx_it.o
    0x0800033a   0x0800033a   0x00000002   Code   RO          154    i.MemManage_Handler  stm32f4xx_it.o
    0x0800033c   0x0800033c   0x00000034   Code   RO          235    i.My_GPIO_Init      main.o
    0x08000370   0x08000370   0x00000038   Code   RO          236    i.My_SAI_Init       main.o
    0x080003a8   0x080003a8   0x00000002   Code   RO          155    i.NMI_Handler       stm32f4xx_it.o
    0x080003aa   0x080003aa   0x00000002   PAD
    0x080003ac   0x080003ac   0x00000014   Code   RO         2416    i.PWR_MainRegulatorModeConfig  stm32f4xx_pwr.o
    0x080003c0   0x080003c0   0x00000002   Code   RO          156    i.PendSV_Handler    stm32f4xx_it.o
    0x080003c2   0x080003c2   0x00000002   PAD
    0x080003c4   0x080003c4   0x00000018   Code   RO          834    i.RCC_AHB1PeriphClockCmd  stm32f4xx_rcc.o
    0x080003dc   0x080003dc   0x00000018   Code   RO          837    i.RCC_AHB2PeriphClockCmd  stm32f4xx_rcc.o
    0x080003f4   0x080003f4   0x00000054   Code   RO          854    i.RCC_DeInit        stm32f4xx_rcc.o
    0x08000448   0x08000448   0x00000090   Code   RO          855    i.RCC_GetClocksFreq  stm32f4xx_rcc.o
    0x080004d8   0x080004d8   0x00000034   Code   RO          856    i.RCC_GetFlagStatus  stm32f4xx_rcc.o
    0x0800050c   0x0800050c   0x00000010   Code   RO          858    i.RCC_GetSYSCLKSource  stm32f4xx_rcc.o
    0x0800051c   0x0800051c   0x00000014   Code   RO          859    i.RCC_HCLKConfig    stm32f4xx_rcc.o
    0x08000530   0x08000530   0x00000010   Code   RO          860    i.RCC_HSEConfig     stm32f4xx_rcc.o
    0x08000540   0x08000540   0x00000014   Code   RO          870    i.RCC_PCLK1Config   stm32f4xx_rcc.o
    0x08000554   0x08000554   0x00000014   Code   RO          871    i.RCC_PCLK2Config   stm32f4xx_rcc.o
    0x08000568   0x08000568   0x0000000c   Code   RO          872    i.RCC_PLLCmd        stm32f4xx_rcc.o
    0x08000574   0x08000574   0x00000028   Code   RO          873    i.RCC_PLLConfig     stm32f4xx_rcc.o
    0x0800059c   0x0800059c   0x00000014   Code   RO          884    i.RCC_SYSCLKConfig  stm32f4xx_rcc.o
    0x080005b0   0x080005b0   0x0000002c   Code   RO          886    i.RCC_WaitForHSEStartUp  stm32f4xx_rcc.o
    0x080005dc   0x080005dc   0x00000048   Code   RO         1186    i.SAI_Init          stm32f4xx_sai.o
    0x08000624   0x08000624   0x00000002   Code   RO          157    i.SVC_Handler       stm32f4xx_it.o
    0x08000626   0x08000626   0x00000002   PAD
    0x08000628   0x08000628   0x000000b4   Code   RO            4    i.SetSysClock       system_stm32f4xx.o
    0x080006dc   0x080006dc   0x00000004   Code   RO          158    i.SysTick_Handler   stm32f4xx_it.o
    0x080006e0   0x080006e0   0x00000078   Code   RO            5    i.SystemCoreClockUpdate  system_stm32f4xx.o
    0x08000758   0x08000758   0x0000005c   Code   RO            6    i.SystemInit        system_stm32f4xx.o
    0x080007b4   0x080007b4   0x00000014   Code   RO          237    i.TimingDelay_Decrement  main.o
    0x080007c8   0x080007c8   0x00000002   Code   RO          159    i.UsageFault_Handler  stm32f4xx_it.o
    0x080007ca   0x080007ca   0x0000000e   Code   RO         2546    i.__scatterload_copy  mc_w.l(handlers.o)
    0x080007d8   0x080007d8   0x00000002   Code   RO         2547    i.__scatterload_null  mc_w.l(handlers.o)
    0x080007da   0x080007da   0x0000000e   Code   RO         2548    i.__scatterload_zeroinit  mc_w.l(handlers.o)
    0x080007e8   0x080007e8   0x0000007c   Code   RO          238    i.main              main.o
    0x08000864   0x08000864   0x00000020   Data   RO         2544    Region$$Table       anon$$obj.o


    Execution Region RW_IRAM1 (Exec base: 0x20000000, Load base: 0x08000884, Size: 0x00000440, Max: 0x00020000, ABSOLUTE)

    Exec Addr    Load Addr    Size         Type   Attr      Idx    E Section Name        Object

    0x20000000   0x08000884   0x00000014   Data   RW            7    .data               system_stm32f4xx.o
    0x20000014   0x08000898   0x00000008   Data   RW          240    .data               main.o
    0x2000001c   0x080008a0   0x00000010   Data   RW          887    .data               stm32f4xx_rcc.o
    0x2000002c        -       0x00000010   Zero   RW          239    .bss                main.o
    0x2000003c   0x080008b0   0x00000004   PAD
    0x20000040        -       0x00000400   Zero   RW         2518    STACK               startup_stm32f40_41xxx.o


==============================================================================

Image component sizes


      Code (inc. data)   RO Data    RW Data    ZI Data      Debug   Object Name

       378         36          0          8         16      43289   main.o
        36          8        392          0       1024        920   startup_stm32f40_41xxx.o
        40         12          0          0          0       1181   stm32f4xx_flash.o
       170          0          0          0          0       2388   stm32f4xx_gpio.o
        20          0          0          0          0       3910   stm32f4xx_it.o
        20          6          0          0          0        614   stm32f4xx_pwr.o
       536         96          0         16          0      11106   stm32f4xx_rcc.o
        72          6          0          0          0       1199   stm32f4xx_sai.o
       392         50          0         20          0     266433   system_stm32f4xx.o

    ----------------------------------------------------------------------
      1670        214        424         44       1044     331040   Object Totals
         0          0         32          0          0          0   (incl. Generated)
         6          0          0          0          4          0   (incl. Padding)

    ----------------------------------------------------------------------

      Code (inc. data)   RO Data    RW Data    ZI Data      Debug   Library Member Name

         0          0          0          0          0          0   entry.o
         0          0          0          0          0          0   entry10a.o
         0          0          0          0          0          0   entry11a.o
         8          4          0          0          0          0   entry2.o
         4          0          0          0          0          0   entry5.o
         0          0          0          0          0          0   entry7b.o
         0          0          0          0          0          0   entry8b.o
         8          4          0          0          0          0   entry9a.o
        30          0          0          0          0          0   handlers.o
        36          8          0          0          0         68   init.o

    ----------------------------------------------------------------------
        86         16          0          0          0         68   Library Totals
         0          0          0          0          0          0   (incl. Padding)

    ----------------------------------------------------------------------

      Code (inc. data)   RO Data    RW Data    ZI Data      Debug   Library Name

        86         16          0          0          0         68   mc_w.l

    ----------------------------------------------------------------------
        86         16          0          0          0         68   Library Totals

    ----------------------------------------------------------------------

==============================================================================


      Code (inc. data)   RO Data    RW Data    ZI Data      Debug   

      1756        230        424         44       1044     328112   Grand Totals
      1756        230        424         44       1044     328112   ELF Image Totals
      1756        230        424         44          0          0   ROM Totals

==============================================================================

    Total RO  Size (Code + RO Data)                 2180 (   2.13kB)
    Total RW  Size (RW Data + ZI Data)              1088 (   1.06kB)
    Total ROM Size (Code + RO Data + RW Data)       2224 (   2.17kB)

==============================================================================

